[17:41:46] [ServerMain/INFO]: Environment: authHost='https://authserver.mojang.com', accountsHost='https://api.mojang.com', sessionHost='https://sessionserver.mojang.com', servicesHost='https://api.minecraftservices.com', name='PROD'
[17:41:47] [ServerMain/INFO]: Reloading ResourceManager: Default, bukkit
[17:41:47] [Worker-Main-10/INFO]: Loaded 7 recipes
[17:41:51] [Server thread/INFO]: Starting minecraft server version 1.18.1
[17:41:51] [Server thread/INFO]: Loading properties
[17:41:51] [Server thread/INFO]: This server is running CraftBukkit version 3439-Spigot-699290c-38f204d (MC: 1.18.1) (Implementing API version 1.18.1-R0.1-SNAPSHOT)
[17:41:51] [Server thread/INFO]: Debug logging is disabled
[17:41:51] [Server thread/INFO]: Server Ping Player Sample Count: 12
[17:41:51] [Server thread/INFO]: Using 4 threads for Netty based IO
[17:41:51] [Server thread/INFO]: Default game type: SURVIVAL
[17:41:51] [Server thread/INFO]: Generating keypair
[17:41:51] [Server thread/INFO]: Starting Minecraft server on *:25565
[17:41:52] [Server thread/INFO]: Using default channel type
[17:41:52] [Server thread/INFO]: Preparing level "world"
[17:41:53] [Server thread/INFO]: -------- World Settings For [world] --------
[17:41:53] [Server thread/INFO]: Nerfing mobs spawned from spawners: false
[17:41:53] [Server thread/INFO]: Arrow Despawn Rate: 1200 Trident Respawn Rate:1200
[17:41:53] [Server thread/INFO]: Mob Spawn Range: 6
[17:41:53] [Server thread/INFO]: Cactus Growth Modifier: 100%
[17:41:53] [Server thread/INFO]: Cane Growth Modifier: 100%
[17:41:53] [Server thread/INFO]: Melon Growth Modifier: 100%
[17:41:53] [Server thread/INFO]: Mushroom Growth Modifier: 100%
[17:41:53] [Server thread/INFO]: Pumpkin Growth Modifier: 100%
[17:41:53] [Server thread/INFO]: Sapling Growth Modifier: 100%
[17:41:53] [Server thread/INFO]: Beetroot Growth Modifier: 100%
[17:41:53] [Server thread/INFO]: Carrot Growth Modifier: 100%
[17:41:53] [Server thread/INFO]: Potato Growth Modifier: 100%
[17:41:53] [Server thread/INFO]: Wheat Growth Modifier: 100%
[17:41:53] [Server thread/INFO]: NetherWart Growth Modifier: 100%
[17:41:53] [Server thread/INFO]: Vine Growth Modifier: 100%
[17:41:53] [Server thread/INFO]: Cocoa Growth Modifier: 100%
[17:41:53] [Server thread/INFO]: Bamboo Growth Modifier: 100%
[17:41:53] [Server thread/INFO]: SweetBerry Growth Modifier: 100%
[17:41:53] [Server thread/INFO]: Kelp Growth Modifier: 100%
[17:41:53] [Server thread/INFO]: Entity Activation Range: An 32 / Mo 32 / Ra 48 / Mi 16 / Tiv true / Isa false
[17:41:53] [Server thread/INFO]: Entity Tracking Range: Pl 48 / An 48 / Mo 48 / Mi 32 / Other 64
[17:41:53] [Server thread/INFO]: Custom Map Seeds:  Village: 10387312 Desert: 14357617 Igloo: 14357618 Jungle: 14357619 Swamp: 14357620 Monument: 10387313 Ocean: 14357621 Shipwreck: 165745295 End City: 10387313 Slime: 987234911 Bastion: 30084232 Fortress: 30084232 Mansion: 10387319 Fossil: 14357921 Portal: 34222645
[17:41:53] [Server thread/INFO]: Max TNT Explosions: 100
[17:41:53] [Server thread/INFO]: Tile Max Tick Time: 50ms Entity max Tick Time: 50ms
[17:41:53] [Server thread/INFO]: View Distance: 10
[17:41:53] [Server thread/INFO]: Simulation Distance: 10
[17:41:53] [Server thread/INFO]: Item Despawn Rate: 6000
[17:41:53] [Server thread/INFO]: Item Merge Radius: 2.5
[17:41:53] [Server thread/INFO]: Allow Zombie Pigmen to spawn from portal blocks: true
[17:41:53] [Server thread/INFO]: Zombie Aggressive Towards Villager: true
[17:41:53] [Server thread/INFO]: Experience Merge Radius: 3.0
[17:41:53] [Server thread/INFO]: Hopper Transfer: 8 Hopper Check: 1 Hopper Amount: 1
[17:41:54] [Server thread/INFO]: -------- World Settings For [world_nether] --------
[17:41:54] [Server thread/INFO]: Nerfing mobs spawned from spawners: false
[17:41:54] [Server thread/INFO]: Arrow Despawn Rate: 1200 Trident Respawn Rate:1200
[17:41:54] [Server thread/INFO]: Mob Spawn Range: 6
[17:41:54] [Server thread/INFO]: Cactus Growth Modifier: 100%
[17:41:54] [Server thread/INFO]: Cane Growth Modifier: 100%
[17:41:54] [Server thread/INFO]: Melon Growth Modifier: 100%
[17:41:54] [Server thread/INFO]: Mushroom Growth Modifier: 100%
[17:41:54] [Server thread/INFO]: Pumpkin Growth Modifier: 100%
[17:41:54] [Server thread/INFO]: Sapling Growth Modifier: 100%
[17:41:54] [Server thread/INFO]: Beetroot Growth Modifier: 100%
[17:41:54] [Server thread/INFO]: Carrot Growth Modifier: 100%
[17:41:54] [Server thread/INFO]: Potato Growth Modifier: 100%
[17:41:54] [Server thread/INFO]: Wheat Growth Modifier: 100%
[17:41:54] [Server thread/INFO]: NetherWart Growth Modifier: 100%
[17:41:54] [Server thread/INFO]: Vine Growth Modifier: 100%
[17:41:54] [Server thread/INFO]: Cocoa Growth Modifier: 100%
[17:41:54] [Server thread/INFO]: Bamboo Growth Modifier: 100%
[17:41:54] [Server thread/INFO]: SweetBerry Growth Modifier: 100%
[17:41:54] [Server thread/INFO]: Kelp Growth Modifier: 100%
[17:41:54] [Server thread/INFO]: Entity Activation Range: An 32 / Mo 32 / Ra 48 / Mi 16 / Tiv true / Isa false
[17:41:54] [Server thread/INFO]: Entity Tracking Range: Pl 48 / An 48 / Mo 48 / Mi 32 / Other 64
[17:41:54] [Server thread/INFO]: Custom Map Seeds:  Village: 10387312 Desert: 14357617 Igloo: 14357618 Jungle: 14357619 Swamp: 14357620 Monument: 10387313 Ocean: 14357621 Shipwreck: 165745295 End City: 10387313 Slime: 987234911 Bastion: 30084232 Fortress: 30084232 Mansion: 10387319 Fossil: 14357921 Portal: 34222645
[17:41:54] [Server thread/INFO]: Max TNT Explosions: 100
[17:41:54] [Server thread/INFO]: Tile Max Tick Time: 50ms Entity max Tick Time: 50ms
[17:41:54] [Server thread/INFO]: View Distance: 10
[17:41:54] [Server thread/INFO]: Simulation Distance: 10
[17:41:54] [Server thread/INFO]: Item Despawn Rate: 6000
[17:41:54] [Server thread/INFO]: Item Merge Radius: 2.5
[17:41:54] [Server thread/INFO]: Allow Zombie Pigmen to spawn from portal blocks: true
[17:41:54] [Server thread/INFO]: Zombie Aggressive Towards Villager: true
[17:41:54] [Server thread/INFO]: Experience Merge Radius: 3.0
[17:41:54] [Server thread/INFO]: Hopper Transfer: 8 Hopper Check: 1 Hopper Amount: 1
[17:41:54] [Server thread/INFO]: -------- World Settings For [world_the_end] --------
[17:41:54] [Server thread/INFO]: Nerfing mobs spawned from spawners: false
[17:41:54] [Server thread/INFO]: Arrow Despawn Rate: 1200 Trident Respawn Rate:1200
[17:41:54] [Server thread/INFO]: Mob Spawn Range: 6
[17:41:54] [Server thread/INFO]: Cactus Growth Modifier: 100%
[17:41:54] [Server thread/INFO]: Cane Growth Modifier: 100%
[17:41:54] [Server thread/INFO]: Melon Growth Modifier: 100%
[17:41:54] [Server thread/INFO]: Mushroom Growth Modifier: 100%
[17:41:54] [Server thread/INFO]: Pumpkin Growth Modifier: 100%
[17:41:54] [Server thread/INFO]: Sapling Growth Modifier: 100%
[17:41:54] [Server thread/INFO]: Beetroot Growth Modifier: 100%
[17:41:54] [Server thread/INFO]: Carrot Growth Modifier: 100%
[17:41:54] [Server thread/INFO]: Potato Growth Modifier: 100%
[17:41:54] [Server thread/INFO]: Wheat Growth Modifier: 100%
[17:41:54] [Server thread/INFO]: NetherWart Growth Modifier: 100%
[17:41:54] [Server thread/INFO]: Vine Growth Modifier: 100%
[17:41:54] [Server thread/INFO]: Cocoa Growth Modifier: 100%
[17:41:54] [Server thread/INFO]: Bamboo Growth Modifier: 100%
[17:41:54] [Server thread/INFO]: SweetBerry Growth Modifier: 100%
[17:41:54] [Server thread/INFO]: Kelp Growth Modifier: 100%
[17:41:54] [Server thread/INFO]: Entity Activation Range: An 32 / Mo 32 / Ra 48 / Mi 16 / Tiv true / Isa false
[17:41:54] [Server thread/INFO]: Entity Tracking Range: Pl 48 / An 48 / Mo 48 / Mi 32 / Other 64
[17:41:54] [Server thread/INFO]: Custom Map Seeds:  Village: 10387312 Desert: 14357617 Igloo: 14357618 Jungle: 14357619 Swamp: 14357620 Monument: 10387313 Ocean: 14357621 Shipwreck: 165745295 End City: 10387313 Slime: 987234911 Bastion: 30084232 Fortress: 30084232 Mansion: 10387319 Fossil: 14357921 Portal: 34222645
[17:41:54] [Server thread/INFO]: Max TNT Explosions: 100
[17:41:54] [Server thread/INFO]: Tile Max Tick Time: 50ms Entity max Tick Time: 50ms
[17:41:54] [Server thread/INFO]: View Distance: 10
[17:41:54] [Server thread/INFO]: Simulation Distance: 10
[17:41:54] [Server thread/INFO]: Item Despawn Rate: 6000
[17:41:54] [Server thread/INFO]: Item Merge Radius: 2.5
[17:41:54] [Server thread/INFO]: Allow Zombie Pigmen to spawn from portal blocks: true
[17:41:54] [Server thread/INFO]: Zombie Aggressive Towards Villager: true
[17:41:54] [Server thread/INFO]: Experience Merge Radius: 3.0
[17:41:54] [Server thread/INFO]: Hopper Transfer: 8 Hopper Check: 1 Hopper Amount: 1
[17:41:54] [Server thread/INFO]: Preparing start region for dimension minecraft:overworld
[17:41:57] [Worker-Main-12/INFO]: Preparing spawn area: 0%
[17:42:05] [Worker-Main-14/INFO]: Preparing spawn area: 0%
[17:42:05] [Worker-Main-11/INFO]: Preparing spawn area: 0%
[17:42:05] [Worker-Main-11/INFO]: Preparing spawn area: 0%
[17:42:05] [Worker-Main-11/INFO]: Preparing spawn area: 0%
[17:42:05] [Worker-Main-11/INFO]: Preparing spawn area: 0%
[17:42:05] [Worker-Main-8/INFO]: Preparing spawn area: 0%
[17:42:05] [Worker-Main-11/INFO]: Preparing spawn area: 0%
[17:42:05] [Worker-Main-11/INFO]: Preparing spawn area: 0%
[17:42:05] [Worker-Main-13/INFO]: Preparing spawn area: 0%
[17:42:05] [Worker-Main-11/INFO]: Preparing spawn area: 0%
[17:42:05] [Worker-Main-13/INFO]: Preparing spawn area: 0%
[17:42:05] [Worker-Main-11/INFO]: Preparing spawn area: 0%
[17:42:05] [Worker-Main-11/INFO]: Preparing spawn area: 0%
[17:42:05] [Worker-Main-11/INFO]: Preparing spawn area: 0%
[17:42:05] [Worker-Main-11/INFO]: Preparing spawn area: 0%
[17:42:05] [Worker-Main-11/INFO]: Preparing spawn area: 0%
[17:42:05] [Worker-Main-11/INFO]: Preparing spawn area: 0%
[17:42:05] [Worker-Main-11/INFO]: Preparing spawn area: 0%
[17:42:05] [Worker-Main-11/INFO]: Preparing spawn area: 0%
[17:42:05] [Worker-Main-11/INFO]: Preparing spawn area: 0%
[17:42:05] [Worker-Main-11/INFO]: Preparing spawn area: 0%
[17:42:05] [Worker-Main-14/INFO]: Preparing spawn area: 0%
[17:42:06] [Worker-Main-10/INFO]: Preparing spawn area: 0%
[17:42:06] [Worker-Main-10/INFO]: Preparing spawn area: 5%
[17:42:07] [Worker-Main-12/INFO]: Preparing spawn area: 5%
[17:42:07] [Worker-Main-10/INFO]: Preparing spawn area: 5%
[17:42:08] [Worker-Main-8/INFO]: Preparing spawn area: 20%
[17:42:08] [Worker-Main-14/INFO]: Preparing spawn area: 25%
[17:42:09] [Worker-Main-11/INFO]: Preparing spawn area: 25%
[17:42:09] [Worker-Main-11/INFO]: Preparing spawn area: 28%
[17:42:10] [Worker-Main-14/INFO]: Preparing spawn area: 34%
[17:42:10] [Worker-Main-12/INFO]: Preparing spawn area: 45%
[17:42:11] [Worker-Main-10/INFO]: Preparing spawn area: 57%
[17:42:11] [Worker-Main-14/INFO]: Preparing spawn area: 63%
[17:42:13] [Worker-Main-9/INFO]: Preparing spawn area: 71%
[17:42:13] [Worker-Main-14/INFO]: Preparing spawn area: 71%
[17:42:13] [Worker-Main-12/INFO]: Preparing spawn area: 71%
[17:42:13] [Worker-Main-13/INFO]: Preparing spawn area: 71%
[17:42:14] [Worker-Main-12/INFO]: Preparing spawn area: 77%
[17:42:14] [Worker-Main-12/INFO]: Preparing spawn area: 77%
[17:42:15] [Worker-Main-10/INFO]: Preparing spawn area: 77%
[17:42:15] [Worker-Main-13/INFO]: Preparing spawn area: 79%
[17:42:16] [Worker-Main-9/INFO]: Preparing spawn area: 79%
[17:42:16] [Worker-Main-12/INFO]: Preparing spawn area: 83%
[17:42:17] [Worker-Main-13/INFO]: Preparing spawn area: 83%
[17:42:17] [Worker-Main-8/INFO]: Preparing spawn area: 85%
[17:42:18] [Worker-Main-14/INFO]: Preparing spawn area: 87%
[17:42:18] [Worker-Main-14/INFO]: Preparing spawn area: 89%
[17:42:19] [Worker-Main-13/INFO]: Preparing spawn area: 91%
[17:42:19] [Worker-Main-8/INFO]: Preparing spawn area: 91%
[17:42:20] [Worker-Main-9/INFO]: Preparing spawn area: 92%
[17:42:20] [Worker-Main-14/INFO]: Preparing spawn area: 92%
[17:42:21] [Worker-Main-14/INFO]: Preparing spawn area: 93%
[17:42:21] [Worker-Main-11/INFO]: Preparing spawn area: 94%
[17:42:22] [Worker-Main-14/INFO]: Preparing spawn area: 95%
[17:42:22] [Worker-Main-13/INFO]: Preparing spawn area: 99%
[17:42:22] [Server thread/INFO]: Time elapsed: 28045 ms
[17:42:22] [Server thread/INFO]: Preparing start region for dimension minecraft:the_nether
[17:42:24] [Worker-Main-11/INFO]: Preparing spawn area: 0%
[17:42:24] [Worker-Main-11/INFO]: Preparing spawn area: 0%
[17:42:24] [Worker-Main-13/INFO]: Preparing spawn area: 0%
[17:42:24] [Worker-Main-14/INFO]: Preparing spawn area: 0%
[17:42:24] [Worker-Main-13/INFO]: Preparing spawn area: 0%
[17:42:25] [Worker-Main-13/INFO]: Preparing spawn area: 0%
[17:42:25] [Worker-Main-13/INFO]: Preparing spawn area: 0%
[17:42:26] [Worker-Main-10/INFO]: Preparing spawn area: 0%
[17:42:26] [Worker-Main-11/INFO]: Preparing spawn area: 3%
[17:42:27] [Worker-Main-12/INFO]: Preparing spawn area: 3%
[17:42:27] [Worker-Main-8/INFO]: Preparing spawn area: 3%
[17:42:28] [Worker-Main-12/INFO]: Preparing spawn area: 9%
[17:42:28] [Worker-Main-8/INFO]: Preparing spawn area: 14%
[17:42:29] [Worker-Main-9/INFO]: Preparing spawn area: 31%
[17:42:29] [Worker-Main-9/INFO]: Preparing spawn area: 49%
[17:42:30] [Worker-Main-9/INFO]: Preparing spawn area: 56%
[17:42:30] [Worker-Main-13/INFO]: Preparing spawn area: 65%
[17:42:31] [Worker-Main-13/INFO]: Preparing spawn area: 68%
[17:42:31] [Worker-Main-9/INFO]: Preparing spawn area: 69%
[17:42:32] [Worker-Main-10/INFO]: Preparing spawn area: 69%
[17:42:32] [Worker-Main-12/INFO]: Preparing spawn area: 70%
[17:42:33] [Worker-Main-10/INFO]: Preparing spawn area: 73%
[17:42:33] [Worker-Main-10/INFO]: Preparing spawn area: 74%
[17:42:34] [Worker-Main-12/INFO]: Preparing spawn area: 76%
[17:42:34] [Worker-Main-10/INFO]: Preparing spawn area: 76%
[17:42:35] [Worker-Main-10/INFO]: Preparing spawn area: 81%
[17:42:35] [Worker-Main-12/INFO]: Preparing spawn area: 83%
[17:42:36] [Worker-Main-11/INFO]: Preparing spawn area: 83%
[17:42:36] [Worker-Main-13/INFO]: Preparing spawn area: 83%
[17:42:37] [Worker-Main-9/INFO]: Preparing spawn area: 85%
[17:42:37] [Worker-Main-13/INFO]: Preparing spawn area: 87%
[17:42:38] [Worker-Main-10/INFO]: Preparing spawn area: 87%
[17:42:38] [Worker-Main-14/INFO]: Preparing spawn area: 89%
[17:42:39] [Worker-Main-8/INFO]: Preparing spawn area: 91%
[17:42:39] [Worker-Main-13/INFO]: Preparing spawn area: 93%
[17:42:40] [Worker-Main-13/INFO]: Preparing spawn area: 95%
[17:42:40] [Worker-Main-12/INFO]: Preparing spawn area: 97%
[17:42:41] [Worker-Main-14/INFO]: Preparing spawn area: 97%
[17:42:41] [Server thread/INFO]: Time elapsed: 18759 ms
[17:42:41] [Server thread/INFO]: Preparing start region for dimension minecraft:the_end
[17:42:43] [Worker-Main-8/INFO]: Preparing spawn area: 0%
[17:42:43] [Worker-Main-8/INFO]: Preparing spawn area: 0%
[17:42:43] [Worker-Main-8/INFO]: Preparing spawn area: 0%
[17:42:43] [Worker-Main-8/INFO]: Preparing spawn area: 0%
[17:42:43] [Worker-Main-9/INFO]: Preparing spawn area: 0%
[17:42:44] [Worker-Main-14/INFO]: Preparing spawn area: 0%
[17:42:44] [Worker-Main-8/INFO]: Preparing spawn area: 0%
[17:42:45] [Worker-Main-8/INFO]: Preparing spawn area: 2%
[17:42:45] [Worker-Main-8/INFO]: Preparing spawn area: 2%
[17:42:46] [Worker-Main-8/INFO]: Preparing spawn area: 2%
[17:42:46] [Worker-Main-9/INFO]: Preparing spawn area: 3%
[17:42:47] [Worker-Main-9/INFO]: Preparing spawn area: 15%
[17:42:47] [Worker-Main-11/INFO]: Preparing spawn area: 31%
[17:42:48] [Worker-Main-14/INFO]: Preparing spawn area: 36%
[17:42:48] [Worker-Main-8/INFO]: Preparing spawn area: 55%
[17:42:49] [Worker-Main-14/INFO]: Preparing spawn area: 70%
[17:42:49] [Worker-Main-9/INFO]: Preparing spawn area: 82%
[17:42:50] [Worker-Main-10/INFO]: Preparing spawn area: 85%
[17:42:50] [Worker-Main-11/INFO]: Preparing spawn area: 95%
[17:42:50] [Server thread/INFO]: Time elapsed: 9090 ms
[17:42:50] [Server thread/INFO]: Server permissions file permissions.yml is empty, ignoring it
[17:42:50] [Server thread/INFO]: Done (58.263s)! For help, type "help"
[17:42:51] [User Authenticator #1/INFO]: UUID of player Undeflned is 66c76ae1-4964-4964-9414-6a53aa60294d
[17:42:52] [Server thread/INFO]: Undeflned[/127.0.0.1:64839] logged in with entity id 173 at ([world]-1.300000011920929, 92.0, 13.00493822884077)
[17:43:12] [Server thread/INFO]: Undeflned lost connection: Disconnected
[17:43:12] [Server thread/INFO]: Undeflned left the game
[17:43:24] [Server thread/INFO]: [0;33;1m--------- [0;37;1mHelp: Index [0;33;1m---------------------------[m
[17:43:24] [Server thread/INFO]: [0;37;22mUse /help [n] to get page n of help.[m
[17:43:24] [Server thread/INFO]: [0;37;22m[0;33;22mAliases: [0;37;1mLists command aliases[m
[17:43:24] [Server thread/INFO]: [0;37;1m[0;33;22mBukkit: [0;37;1mAll commands for Bukkit[m
[17:43:24] [Server thread/INFO]: [0;37;1m[0;33;22mMinecraft: [0;37;1mAll commands for Minecraft[m
[17:43:24] [Server thread/INFO]: [0;37;1m[0;33;22m/advancement: [0;37;1mA Mojang provided command.[m
[17:43:24] [Server thread/INFO]: [0;37;1m[0;33;22m/attribute: [0;37;1mA Mojang provided command.[m
[17:43:24] [Server thread/INFO]: [0;37;1m[0;33;22m/ban: [0;37;1mA Mojang provided command.[m
[17:43:24] [Server thread/INFO]: [0;37;1m[0;33;22m/ban-ip: [0;37;1mA Mojang provided command.[m
[17:43:24] [Server thread/INFO]: [0;37;1m[0;33;22m/banlist: [0;37;1mA Mojang provided command.[m
[17:43:24] [Server thread/INFO]: [0;37;1m[0;33;22m/bossbar: [0;37;1mA Mojang provided command.[m
[17:43:24] [Server thread/INFO]: [0;37;1m[0;33;22m/clear: [0;37;1mA Mojang provided command.[m
[17:43:24] [Server thread/INFO]: [0;37;1m[0;33;22m/clone: [0;37;1mA Mojang provided command.[m
[17:43:24] [Server thread/INFO]: [0;37;1m[0;33;22m/data: [0;37;1mA Mojang provided command.[m
[17:43:24] [Server thread/INFO]: [0;37;1m[0;33;22m/datapack: [0;37;1mA Mojang provided command.[m
[17:43:24] [Server thread/INFO]: [0;37;1m[0;33;22m/debug: [0;37;1mA Mojang provided command.[m
[17:43:24] [Server thread/INFO]: [0;37;1m[0;33;22m/defaultgamemode: [0;37;1mA Mojang provided command.[m
[17:43:24] [Server thread/INFO]: [0;37;1m[0;33;22m/deop: [0;37;1mA Mojang provided command.[m
[17:43:24] [Server thread/INFO]: [0;37;1m[0;33;22m/difficulty: [0;37;1mA Mojang provided command.[m
[17:43:24] [Server thread/INFO]: [0;37;1m[0;33;22m/effect: [0;37;1mA Mojang provided command.[m
[17:43:24] [Server thread/INFO]: [0;37;1m[0;33;22m/enchant: [0;37;1mA Mojang provided command.[m
[17:43:24] [Server thread/INFO]: [0;37;1m[0;33;22m/execute: [0;37;1mA Mojang provided command.[m
[17:43:24] [Server thread/INFO]: [0;37;1m[0;33;22m/experience: [0;37;1mA Mojang provided command.[m
[17:43:24] [Server thread/INFO]: [0;37;1m[0;33;22m/fill: [0;37;1mA Mojang provided command.[m
[17:43:24] [Server thread/INFO]: [0;37;1m[0;33;22m/forceload: [0;37;1mA Mojang provided command.[m
[17:43:24] [Server thread/INFO]: [0;37;1m[0;33;22m/function: [0;37;1mA Mojang provided command.[m
[17:43:24] [Server thread/INFO]: [0;37;1m[0;33;22m/gamemode: [0;37;1mA Mojang provided command.[m
[17:43:24] [Server thread/INFO]: [0;37;1m[0;33;22m/gamerule: [0;37;1mA Mojang provided command.[m
[17:43:24] [Server thread/INFO]: [0;37;1m[0;33;22m/give: [0;37;1mA Mojang provided command.[m
[17:43:24] [Server thread/INFO]: [0;37;1m[0;33;22m/help: [0;37;1mShows the help menu[m
[17:43:24] [Server thread/INFO]: [0;37;1m[0;33;22m/item: [0;37;1mA Mojang provided command.[m
[17:43:24] [Server thread/INFO]: [0;37;1m[0;33;22m/jfr: [0;37;1mA Mojang provided command.[m
[17:43:24] [Server thread/INFO]: [0;37;1m[0;33;22m/kick: [0;37;1mA Mojang provided command.[m
[17:43:24] [Server thread/INFO]: [0;37;1m[0;33;22m/kill: [0;37;1mA Mojang provided command.[m
[17:43:24] [Server thread/INFO]: [0;37;1m[0;33;22m/list: [0;37;1mA Mojang provided command.[m
[17:43:24] [Server thread/INFO]: [0;37;1m[0;33;22m/locate: [0;37;1mA Mojang provided command.[m
[17:43:24] [Server thread/INFO]: [0;37;1m[0;33;22m/locatebiome: [0;37;1mA Mojang provided command.[m
[17:43:24] [Server thread/INFO]: [0;37;1m[0;33;22m/loot: [0;37;1mA Mojang provided command.[m
[17:43:24] [Server thread/INFO]: [0;37;1m[0;33;22m/me: [0;37;1mA Mojang provided command.[m
[17:43:24] [Server thread/INFO]: [0;37;1m[0;33;22m/minecraft:help: [0;37;1mA Mojang provided command.[m
[17:43:24] [Server thread/INFO]: [0;37;1m[0;33;22m/minecraft:reload: [0;37;1mA Mojang provided command.[m
[17:43:24] [Server thread/INFO]: [0;37;1m[0;33;22m/msg: [0;37;1mA Mojang provided command.[m
[17:43:24] [Server thread/INFO]: [0;37;1m[0;33;22m/op: [0;37;1mA Mojang provided command.[m
[17:43:24] [Server thread/INFO]: [0;37;1m[0;33;22m/pardon: [0;37;1mA Mojang provided command.[m
[17:43:24] [Server thread/INFO]: [0;37;1m[0;33;22m/pardon-ip: [0;37;1mA Mojang provided command.[m
[17:43:24] [Server thread/INFO]: [0;37;1m[0;33;22m/particle: [0;37;1mA Mojang provided command.[m
[17:43:24] [Server thread/INFO]: [0;37;1m[0;33;22m/perf: [0;37;1mA Mojang provided command.[m
[17:43:24] [Server thread/INFO]: [0;37;1m[0;33;22m/playsound: [0;37;1mA Mojang provided command.[m
[17:43:24] [Server thread/INFO]: [0;37;1m[0;33;22m/plugins: [0;37;1mGets a list of plugins running on the server[m
[17:43:24] [Server thread/INFO]: [0;37;1m[0;33;22m/recipe: [0;37;1mA Mojang provided command.[m
[17:43:24] [Server thread/INFO]: [0;37;1m[0;33;22m/reload: [0;37;1mReloads the server configuration and plugins[m
[17:43:24] [Server thread/INFO]: [0;37;1m[0;33;22m/restart: [0;37;1mRestarts the server[m
[17:43:24] [Server thread/INFO]: [0;37;1m[0;33;22m/save-all: [0;37;1mA Mojang provided command.[m
[17:43:24] [Server thread/INFO]: [0;37;1m[0;33;22m/save-off: [0;37;1mA Mojang provided command.[m
[17:43:24] [Server thread/INFO]: [0;37;1m[0;33;22m/save-on: [0;37;1mA Mojang provided command.[m
[17:43:24] [Server thread/INFO]: [0;37;1m[0;33;22m/say: [0;37;1mA Mojang provided command.[m
[17:43:24] [Server thread/INFO]: [0;37;1m[0;33;22m/schedule: [0;37;1mA Mojang provided command.[m
[17:43:24] [Server thread/INFO]: [0;37;1m[0;33;22m/scoreboard: [0;37;1mA Mojang provided command.[m
[17:43:24] [Server thread/INFO]: [0;37;1m[0;33;22m/seed: [0;37;1mA Mojang provided command.[m
[17:43:24] [Server thread/INFO]: [0;37;1m[0;33;22m/setblock: [0;37;1mA Mojang provided command.[m
[17:43:24] [Server thread/INFO]: [0;37;1m[0;33;22m/setidletimeout: [0;37;1mA Mojang provided command.[m
[17:43:24] [Server thread/INFO]: [0;37;1m[0;33;22m/setworldspawn: [0;37;1mA Mojang provided command.[m
[17:43:24] [Server thread/INFO]: [0;37;1m[0;33;22m/spawnpoint: [0;37;1mA Mojang provided command.[m
[17:43:24] [Server thread/INFO]: [0;37;1m[0;33;22m/spectate: [0;37;1mA Mojang provided command.[m
[17:43:24] [Server thread/INFO]: [0;37;1m[0;33;22m/spigot: [0;37;1mSpigot related commands[m
[17:43:24] [Server thread/INFO]: [0;37;1m[0;33;22m/spreadplayers: [0;37;1mA Mojang provided command.[m
[17:43:24] [Server thread/INFO]: [0;37;1m[0;33;22m/stop: [0;37;1mA Mojang provided command.[m
[17:43:24] [Server thread/INFO]: [0;37;1m[0;33;22m/stopsound: [0;37;1mA Mojang provided command.[m
[17:43:24] [Server thread/INFO]: [0;37;1m[0;33;22m/summon: [0;37;1mA Mojang provided command.[m
[17:43:24] [Server thread/INFO]: [0;37;1m[0;33;22m/tag: [0;37;1mA Mojang provided command.[m
[17:43:24] [Server thread/INFO]: [0;37;1m[0;33;22m/team: [0;37;1mA Mojang provided command.[m
[17:43:24] [Server thread/INFO]: [0;37;1m[0;33;22m/teammsg: [0;37;1mA Mojang provided command.[m
[17:43:24] [Server thread/INFO]: [0;37;1m[0;33;22m/teleport: [0;37;1mA Mojang provided command.[m
[17:43:24] [Server thread/INFO]: [0;37;1m[0;33;22m/tell: [0;37;1mA Mojang provided command.[m
[17:43:24] [Server thread/INFO]: [0;37;1m[0;33;22m/tellraw: [0;37;1mA Mojang provided command.[m
[17:43:24] [Server thread/INFO]: [0;37;1m[0;33;22m/time: [0;37;1mA Mojang provided command.[m
[17:43:24] [Server thread/INFO]: [0;37;1m[0;33;22m/timings: [0;37;1mManages Spigot Timings data to see performance of the server.[m
[17:43:24] [Server thread/INFO]: [0;37;1m[0;33;22m/title: [0;37;1mA Mojang provided command.[m
[17:43:24] [Server thread/INFO]: [0;37;1m[0;33;22m/tm: [0;37;1mA Mojang provided command.[m
[17:43:24] [Server thread/INFO]: [0;37;1m[0;33;22m/tp: [0;37;1mA Mojang provided command.[m
[17:43:24] [Server thread/INFO]: [0;37;1m[0;33;22m/tps: [0;37;1mGets the current ticks per second for the server[m
[17:43:24] [Server thread/INFO]: [0;37;1m[0;33;22m/trigger: [0;37;1mA Mojang provided command.[m
[17:43:24] [Server thread/INFO]: [0;37;1m[0;33;22m/version: [0;37;1mGets the version of this server including any plugins in use[m
[17:43:24] [Server thread/INFO]: [0;37;1m[0;33;22m/w: [0;37;1mA Mojang provided command.[m
[17:43:24] [Server thread/INFO]: [0;37;1m[0;33;22m/weather: [0;37;1mA Mojang provided command.[m
[17:43:24] [Server thread/INFO]: [0;37;1m[0;33;22m/whitelist: [0;37;1mA Mojang provided command.[m
[17:43:24] [Server thread/INFO]: [0;37;1m[0;33;22m/worldborder: [0;37;1mA Mojang provided command.[m
[17:43:24] [Server thread/INFO]: [0;37;1m[0;33;22m/xp: [0;37;1mA Mojang provided command.[m
[17:43:50] [Server thread/INFO]: Unknown command. Type "/help" for help.[m
[17:44:05] [Server thread/INFO]: Made Help a server operator
[17:50:18] [User Authenticator #2/INFO]: UUID of player Undeflned is 66c76ae1-4964-4964-9414-6a53aa60294d
[17:50:18] [Server thread/INFO]: Undeflned[/127.0.0.1:65070] logged in with entity id 219 at ([world]-1.300000011920929, 92.0, 13.00493822884077)
[17:50:26] [Server thread/INFO]: Made Undeflned a server operator
[17:50:33] [Server thread/INFO]: Undeflned issued server command: /gamemode creative
[17:50:33] [Server thread/INFO]: [Undeflned: Set own game mode to Creative Mode]
[17:53:07] [Server thread/INFO]: Undeflned lost connection: Disconnected
[17:53:07] [Server thread/INFO]: Undeflned left the game
[19:30:41] [Server thread/INFO]: Stopping the server
[19:30:41] [Server thread/INFO]: Stopping server
[19:30:41] [Server thread/INFO]: Saving players
[19:30:41] [Server thread/INFO]: Saving worlds
[19:30:41] [Server thread/INFO]: Saving chunks for level 'ServerLevel[world]'/minecraft:overworld
[19:30:41] [Server thread/INFO]: Saving chunks for level 'ServerLevel[world_nether]'/minecraft:the_nether
[19:30:41] [Server thread/INFO]: Saving chunks for level 'ServerLevel[world_the_end]'/minecraft:the_end
[19:30:42] [Server thread/INFO]: ThreadedAnvilChunkStorage (world): All chunks are saved
[19:30:42] [Server thread/INFO]: ThreadedAnvilChunkStorage (DIM-1): All chunks are saved
[19:30:42] [Server thread/INFO]: ThreadedAnvilChunkStorage (DIM1): All chunks are saved
[19:30:42] [Server thread/INFO]: ThreadedAnvilChunkStorage: All dimensions are saved
